
========== MOCK EMAIL ==========
To: test-enum-1789303122460@example.com
Subject: Your verification code for Skill Outcomes Portal
Body:
<p>Your OTP is <strong>613974</strong>.</p><p>Valid for 10 minutes. Do not share this code.</p>
================================

========== MOCK EMAIL ==========
To: test-ratelimit-1789303123299@example.com
Subject: Your verification code for Skill Outcomes Portal
Body:
<p>Your OTP is <strong>995489</strong>.</p><p>Valid for 10 minutes. Do not share this code.</p>
================================

========== MOCK EMAIL ==========
To: test-attemptlimit-1789303125041@example.com
Subject: Your verification code for Skill Outcomes Portal
Body:
<p>Your OTP is <strong>986224</strong>.</p><p>Valid for 10 minutes. Do not share this code.</p>
================================

========== MOCK EMAIL ==========
To: test-attemptlimit-1789303125041@example.com
Subject: Your temporary password for Skill Outcomes Portal
Body:
<p>Your temporary password is <strong>3zcl61ic</strong>.</p><p>Please log in and change it immediately.</p>
================================

========== MOCK EMAIL ==========
To: test-enum-1789303799844@example.com
Subject: Your verification code for Skill Outcomes Portal
Body:
<p>Your OTP is <strong>507055</strong>.</p><p>Valid for 10 minutes. Do not share this code.</p>
================================

========== MOCK EMAIL ==========
To: test-ratelimit-1789303800746@example.com
Subject: Your verification code for Skill Outcomes Portal
Body:
<p>Your OTP is <strong>834845</strong>.</p><p>Valid for 10 minutes. Do not share this code.</p>
================================

========== MOCK EMAIL ==========
To: test-attemptlimit-1789303803096@example.com
Subject: Your verification code for Skill Outcomes Portal
Body:
<p>Your OTP is <strong>855628</strong>.</p><p>Valid for 10 minutes. Do not share this code.</p>
================================

========== MOCK EMAIL ==========
To: test-attemptlimit-1789303803096@example.com
Subject: Your temporary password for Skill Outcomes Portal
Body:
<p>Your temporary password is <strong>66efip8d</strong>.</p><p>Please log in and change it immediately.</p>
================================

========== MOCK EMAIL ==========
To: test-enum-1789303894020@example.com
Subject: Your verification code for Skill Outcomes Portal
Body:
<p>Your OTP is <strong>674495</strong>.</p><p>Valid for 10 minutes. Do not share this code.</p>
================================

========== MOCK EMAIL ==========
To: test-ratelimit-1789303894468@example.com
Subject: Your verification code for Skill Outcomes Portal
Body:
<p>Your OTP is <strong>298072</strong>.</p><p>Valid for 10 minutes. Do not share this code.</p>
================================

========== MOCK EMAIL ==========
To: test-attemptlimit-1789303896833@example.com
Subject: Your verification code for Skill Outcomes Portal
Body:
<p>Your OTP is <strong>482091</strong>.</p><p>Valid for 10 minutes. Do not share this code.</p>
================================

========== MOCK EMAIL ==========
To: test-attemptlimit-1789303896833@example.com
Subject: Your temporary password for Skill Outcomes Portal
Body:
<p>Your temporary password is <strong>eu5mbpch</strong>.</p><p>Please log in and change it immediately.</p>
================================

========== MOCK EMAIL ==========
To: test-enum-1789303982559@example.com
Subject: Your verification code for Skill Outcomes Portal
Body:
<p>Your OTP is <strong>271225</strong>.</p><p>Valid for 10 minutes. Do not share this code.</p>
================================

========== MOCK EMAIL ==========
To: test-ratelimit-1789303983431@example.com
Subject: Your verification code for Skill Outcomes Portal
Body:
<p>Your OTP is <strong>381065</strong>.</p><p>Valid for 10 minutes. Do not share this code.</p>
================================

========== MOCK EMAIL ==========
To: test-leaka-1789303985159@example.com
Subject: Your verification code for Skill Outcomes Portal
Body:
<p>Your OTP is <strong>708806</strong>.</p><p>Valid for 10 minutes. Do not share this code.</p>
================================

========== MOCK EMAIL ==========
To: test-leakb-1789303985159@example.com
Subject: Your verification code for Skill Outcomes Portal
Body:
<p>Your OTP is <strong>203508</strong>.</p><p>Valid for 10 minutes. Do not share this code.</p>
================================

========== MOCK EMAIL ==========
To: test-attemptlimit-1789303988051@example.com
Subject: Your verification code for Skill Outcomes Portal
Body:
<p>Your OTP is <strong>522527</strong>.</p><p>Valid for 10 minutes. Do not share this code.</p>
================================

========== MOCK EMAIL ==========
To: test-attemptlimit-1789303988051@example.com
Subject: Your temporary password for Skill Outcomes Portal
Body:
<p>Your temporary password is <strong>v4rdqe51</strong>.</p><p>Please log in and change it immediately.</p>
================================

========== MOCK EMAIL ==========
To: test-enum-1789304015875@example.com
Subject: Your verification code for Skill Outcomes Portal
Body:
<p>Your OTP is <strong>476072</strong>.</p><p>Valid for 10 minutes. Do not share this code.</p>
================================

========== MOCK EMAIL ==========
To: test-ratelimit-1789304016148@example.com
Subject: Your verification code for Skill Outcomes Portal
Body:
<p>Your OTP is <strong>505458</strong>.</p><p>Valid for 10 minutes. Do not share this code.</p>
================================

========== MOCK EMAIL ==========
To: test-leaka-1789304017838@example.com
Subject: Your verification code for Skill Outcomes Portal
Body:
<p>Your OTP is <strong>606602</strong>.</p><p>Valid for 10 minutes. Do not share this code.</p>
================================

========== MOCK EMAIL ==========
To: test-leakb-1789304017838@example.com
Subject: Your verification code for Skill Outcomes Portal
Body:
<p>Your OTP is <strong>478496</strong>.</p><p>Valid for 10 minutes. Do not share this code.</p>
================================

========== MOCK EMAIL ==========
To: test-leaka-1789304017838@example.com
Subject: Your temporary password for Skill Outcomes Portal
Body:
<p>Your temporary password is <strong>baz15x3u</strong>.</p><p>Please log in and change it immediately.</p>
================================

========== MOCK EMAIL ==========
To: test-leakb-1789304017838@example.com
Subject: Your temporary password for Skill Outcomes Portal
Body:
<p>Your temporary password is <strong>csgnajps</strong>.</p><p>Please log in and change it immediately.</p>
================================

========== MOCK EMAIL ==========
To: test-attemptlimit-1789304018733@example.com
Subject: Your verification code for Skill Outcomes Portal
Body:
<p>Your OTP is <strong>694505</strong>.</p><p>Valid for 10 minutes. Do not share this code.</p>
================================

========== MOCK EMAIL ==========
To: test-attemptlimit-1789304018733@example.com
Subject: Your temporary password for Skill Outcomes Portal
Body:
<p>Your temporary password is <strong>bqkjrxl4</strong>.</p><p>Please log in and change it immediately.</p>
================================

========== MOCK EMAIL ==========
To: devrsahani23@gmail.com
Subject: Your verification code for Skill Outcomes Portal
Body:
<p>Your OTP is <strong>763361</strong>.</p><p>Valid for 10 minutes. Do not share this code.</p>
================================

========== MOCK EMAIL ==========
To: devrsahani23@gmail.com
Subject: Your verification code for Skill Outcomes Portal
Body:
<p>Your OTP is <strong>357039</strong>.</p><p>Valid for 10 minutes. Do not share this code.</p>
================================

========== MOCK EMAIL ==========
To: devrsahani23@gmail.com
Subject: Your verification code for Skill Outcomes Portal
Body:
<p>Your OTP is <strong>773198</strong>.</p><p>Valid for 10 minutes. Do not share this code.</p>
================================
